// Jest Snapshot v1, https://goo.gl/fbAQLP

exports[`should render Expense list item 1`] = `
<div>
  <Link
    replace={false}
    to="/edit/3"
  >
    Credit card
  </Link>
  <p>
    4500
     - 
    345600000
  </p>
</div>
`;
